[detourious.gitbook.io/project-finity/index.html]
[backblue.gif]
[fade.gif]
[index.html]
[app.gitbook.com/share/space/thumbnail/-LwC7LW_Dp-6_zTCINT_.png]
[unpkg.com/emojione-assets@4.0.0/sprites/emojione-sprite-40.min.css]
[gblobscdn.gitbook.com/spaces/-LwC7LW_Dp-6_zTCINT_/avatar68cf.png]
[polyfill.io/v3/polyfill.min5eb0.js]
[detourious.gitbook.io/project-finity/docs.html]
[detourious.gitbook.io/project-finity/tutorials/tutorial.html]
[lh3.googleusercontent.com/-TaEVj-yAJDM/AAAAAAAAAAI/AAAAAAAAAAA/ACHi3re0NApwTjbJWXlwa-kK2KgGocGAGA/photo.png]
[detourious.gitbook.io/project-finity/index.html]
[unpkg.com/emojione-assets@4.0.0/sprites/emojione-sprite-40-people.png]
[unpkg.com/emojione-assets@4.0.0/sprites/emojione-sprite-40-people@2x.png]
[gstatic.gitbook.com/js/111.49fd34a8.js]
[unpkg.com/emojione-assets@4.0.0/sprites/emojione-sprite-40-nature.png]
[unpkg.com/emojione-assets@4.0.0/sprites/emojione-sprite-40-nature@2x.png]
[unpkg.com/emojione-assets@4.0.0/sprites/emojione-sprite-40-food.png]
[unpkg.com/emojione-assets@4.0.0/sprites/emojione-sprite-40-food@2x.png]
[unpkg.com/emojione-assets@4.0.0/sprites/emojione-sprite-40-activity.png]
[unpkg.com/emojione-assets@4.0.0/sprites/emojione-sprite-40-activity@2x.png]
[unpkg.com/emojione-assets@4.0.0/sprites/emojione-sprite-40-travel.png]
[unpkg.com/emojione-assets@4.0.0/sprites/emojione-sprite-40-travel@2x.png]
[unpkg.com/emojione-assets@4.0.0/sprites/emojione-sprite-40-objects.png]
[unpkg.com/emojione-assets@4.0.0/sprites/emojione-sprite-40-objects@2x.png]
[unpkg.com/emojione-assets@4.0.0/sprites/emojione-sprite-40-symbols.png]
[unpkg.com/emojione-assets@4.0.0/sprites/emojione-sprite-40-symbols@2x.png]
[unpkg.com/emojione-assets@4.0.0/sprites/emojione-sprite-40-flags.png]
[unpkg.com/emojione-assets@4.0.0/sprites/emojione-sprite-40-flags@2x.png]
[unpkg.com/emojione-assets@4.0.0/sprites/emojione-sprite-40-regional.png]
[unpkg.com/emojione-assets@4.0.0/sprites/emojione-sprite-40-regional@2x.png]
[unpkg.com/emojione-assets@4.0.0/sprites/emojione-sprite-40-diversity.png]
[unpkg.com/emojione-assets@4.0.0/sprites/emojione-sprite-40-diversity@2x.png]
[unpkg.com/emojione-assets@4.0.0/sprites/emojione-sprite-40.min.css]
[gstatic.gitbook.com/css/6c3c9dec9383137845be0f0ea2cf1bf4.css]
[detourious.gitbook.io/project-finity/docs.html]
[gstatic.gitbook.com/js/chunk.58.070ebf90.js]
[gblobscdn.gitbook.com/assets/-LwC7LW_Dp-6_zTCINT_/-LwLtgU2T5nnUIt-Rd7k/-LwMB57foM5AO5V4IcZ7/QVHn6148FN1962.gif]
[gblobscdn.gitbook.com/assets/-LwC7LW_Dp-6_zTCINT_/-LwdzH9ylA9qhHohHdUm/-Lwe2T6ALW4bC2aMALrj/VP1KWO3YCdf1aa.gif]
[detourious.gitbook.io/project-finity/tutorials/tutorial.html]
[gstatic.gitbook.com/css/6c3c9dec9383137845be0f0ea2cf1bf4.css]
